../Core/Src/main.c:201:6:delay_us	16	static
../Core/Src/main.c:207:6:calcdelay	24	static
../Core/Src/main.c:212:6:calBasicForRotation	16	static
../Core/Src/main.c:234:6:calStepInVelocityPhase	16	static
../Core/Src/main.c:292:6:calDistancePerPhase	16	static
../Core/Src/main.c:331:6:doAllCalculation	8	static
../Core/Src/main.c:339:6:pulseGenerate	8	static
../Core/Src/main.c:349:6:triversalControl	16	static
../Core/Src/main.c:565:5:main	8	static
../Core/Src/main.c:623:6:SystemClock_Config	88	static
../Core/Src/main.c:667:13:MX_SPI3_Init	8	static
../Core/Src/main.c:703:13:MX_TIM1_Init	56	static
../Core/Src/main.c:751:13:MX_TIM2_Init	40	static
../Core/Src/main.c:796:13:MX_TIM4_Init	32	static
../Core/Src/main.c:838:13:MX_TIM11_Init	8	static
../Core/Src/main.c:867:13:MX_TIM12_Init	24	static
../Core/Src/main.c:902:13:MX_GPIO_Init	48	static
../Core/Src/main.c:952:6:Error_Handler	4	static,ignoring_inline_asm
